\BOOKMARK [0][-]{chapter.1}{\376\377\0001\000\040\000U\000n\000i\000t\000\040\000T\000e\000s\000t\000i\000n\000g\000\040\000S\000u\000i\000t\000e\000\040\000-\000\040\000F\000i\000l\000e\000\040\000I\000n\000d\000e\000x}{}% 1
\BOOKMARK [1][-]{section.1.1}{\376\377\0001\000.\0001\000\040\000T\000e\000s\000t\000\040\000S\000o\000u\000r\000c\000e\000\040\000F\000i\000l\000e\000s}{chapter.1}% 2
\BOOKMARK [2][-]{subsection.1.1.1}{\376\377\0001\000.\0001\000.\0001\000\040\000C\000o\000r\000e\000\040\000T\000e\000s\000t\000\040\000P\000r\000o\000g\000r\000a\000m\000s\000\040\000\050\0007\000\040\000f\000i\000l\000e\000s\000\051}{section.1.1}% 3
\BOOKMARK [1][-]{section.1.2}{\376\377\0001\000.\0002\000\040\000D\000o\000c\000u\000m\000e\000n\000t\000a\000t\000i\000o\000n\000\040\000F\000i\000l\000e\000s}{chapter.1}% 4
\BOOKMARK [1][-]{section.1.3}{\376\377\0001\000.\0003\000\040\000A\000u\000t\000o\000m\000a\000t\000i\000o\000n\000\040\000F\000i\000l\000e\000s}{chapter.1}% 5
\BOOKMARK [1][-]{section.1.4}{\376\377\0001\000.\0004\000\040\000M\000o\000d\000i\000f\000i\000e\000d\000\040\000F\000i\000l\000e\000s}{chapter.1}% 6
\BOOKMARK [1][-]{section.1.5}{\376\377\0001\000.\0005\000\040\000Q\000u\000i\000c\000k\000\040\000S\000t\000a\000r\000t}{chapter.1}% 7
\BOOKMARK [1][-]{section.1.6}{\376\377\0001\000.\0006\000\040\000T\000e\000s\000t\000\040\000D\000i\000s\000t\000r\000i\000b\000u\000t\000i\000o\000n}{chapter.1}% 8
\BOOKMARK [1][-]{section.1.7}{\376\377\0001\000.\0007\000\040\000T\000e\000s\000t\000i\000n\000g\000\040\000W\000o\000r\000k\000f\000l\000o\000w}{chapter.1}% 9
\BOOKMARK [1][-]{section.1.8}{\376\377\0001\000.\0008\000\040\000F\000i\000l\000e\000s\000\040\000G\000e\000n\000e\000r\000a\000t\000e\000d\000\040\000b\000y\000\040\000T\000e\000s\000t\000s}{chapter.1}% 10
\BOOKMARK [1][-]{section.1.9}{\376\377\0001\000.\0009\000\040\000S\000u\000p\000p\000o\000r\000t\000\040\000\046\000\040\000R\000e\000f\000e\000r\000e\000n\000c\000e\000s}{chapter.1}% 11
\BOOKMARK [0][-]{chapter.2}{\376\377\0002\000\040\000Q\000u\000i\000c\000k\000\040\000R\000e\000f\000e\000r\000e\000n\000c\000e\000:\000\040\000R\000u\000n\000n\000i\000n\000g\000\040\000U\000n\000i\000t\000\040\000T\000e\000s\000t\000s}{}% 12
\BOOKMARK [1][-]{section.2.1}{\376\377\0002\000.\0001\000\040\000T\000L\000;\000D\000R}{chapter.2}% 13
\BOOKMARK [1][-]{section.2.2}{\376\377\0002\000.\0002\000\040\000T\000e\000s\000t\000\040\000C\000o\000m\000m\000a\000n\000d\000s}{chapter.2}% 14
\BOOKMARK [1][-]{section.2.3}{\376\377\0002\000.\0003\000\040\000T\000e\000s\000t\000\040\000F\000i\000l\000e\000s}{chapter.2}% 15
\BOOKMARK [1][-]{section.2.4}{\376\377\0002\000.\0004\000\040\000E\000x\000p\000e\000c\000t\000e\000d\000\040\000O\000u\000t\000p\000u\000t}{chapter.2}% 16
\BOOKMARK [1][-]{section.2.5}{\376\377\0002\000.\0005\000\040\000I\000n\000d\000i\000v\000i\000d\000u\000a\000l\000\040\000C\000o\000m\000p\000i\000l\000a\000t\000i\000o\000n}{chapter.2}% 17
\BOOKMARK [1][-]{section.2.6}{\376\377\0002\000.\0006\000\040\000D\000o\000c\000u\000m\000e\000n\000t\000a\000t\000i\000o\000n}{chapter.2}% 18
\BOOKMARK [1][-]{section.2.7}{\376\377\0002\000.\0007\000\040\000K\000e\000y\000\040\000F\000e\000a\000t\000u\000r\000e\000s}{chapter.2}% 19
\BOOKMARK [0][-]{chapter.3}{\376\377\0003\000\040\000U\000n\000i\000t\000\040\000T\000e\000s\000t\000i\000n\000g\000\040\000F\000r\000a\000m\000e\000w\000o\000r\000k}{}% 20
\BOOKMARK [1][-]{section.3.1}{\376\377\0003\000.\0001\000\040\000C\000o\000n\000t\000e\000n\000t\000s}{chapter.3}% 21
\BOOKMARK [2][-]{subsection.3.1.1}{\376\377\0003\000.\0001\000.\0001\000\040\000T\000e\000s\000t\000\040\000P\000r\000o\000g\000r\000a\000m\000s}{section.3.1}% 22
\BOOKMARK [2][-]{subsection.3.1.2}{\376\377\0003\000.\0001\000.\0002\000\040\000T\000e\000s\000t\000\040\000A\000u\000t\000o\000m\000a\000t\000i\000o\000n}{section.3.1}% 23
\BOOKMARK [2][-]{subsection.3.1.3}{\376\377\0003\000.\0001\000.\0003\000\040\000D\000o\000c\000u\000m\000e\000n\000t\000a\000t\000i\000o\000n}{section.3.1}% 24
\BOOKMARK [1][-]{section.3.2}{\376\377\0003\000.\0002\000\040\000Q\000u\000i\000c\000k\000\040\000S\000t\000a\000r\000t}{chapter.3}% 25
\BOOKMARK [2][-]{subsection.3.2.1}{\376\377\0003\000.\0002\000.\0001\000\040\000R\000u\000n\000\040\000a\000l\000l\000\040\000t\000e\000s\000t\000s}{section.3.2}% 26
\BOOKMARK [2][-]{subsection.3.2.2}{\376\377\0003\000.\0002\000.\0002\000\040\000R\000u\000n\000\040\000s\000p\000e\000c\000i\000f\000i\000c\000\040\000t\000e\000s\000t}{section.3.2}% 27
\BOOKMARK [2][-]{subsection.3.2.3}{\376\377\0003\000.\0002\000.\0003\000\040\000C\000l\000e\000a\000n\000\040\000t\000e\000s\000t\000\040\000e\000x\000e\000c\000u\000t\000a\000b\000l\000e\000s}{section.3.2}% 28
\BOOKMARK [1][-]{section.3.3}{\376\377\0003\000.\0003\000\040\000W\000h\000e\000r\000e\000\040\000t\000o\000\040\000S\000t\000a\000r\000t\000?}{chapter.3}% 29
\BOOKMARK [1][-]{section.3.4}{\376\377\0003\000.\0004\000\040\000T\000e\000s\000t\000\040\000C\000o\000v\000e\000r\000a\000g\000e}{chapter.3}% 30
\BOOKMARK [1][-]{section.3.5}{\376\377\0003\000.\0005\000\040\000B\000u\000i\000l\000d\000\040\000R\000e\000q\000u\000i\000r\000e\000m\000e\000n\000t\000s}{chapter.3}% 31
\BOOKMARK [1][-]{section.3.6}{\376\377\0003\000.\0006\000\040\000V\000e\000r\000i\000f\000i\000c\000a\000t\000i\000o\000n}{chapter.3}% 32
\BOOKMARK [1][-]{section.3.7}{\376\377\0003\000.\0007\000\040\000N\000o\000t\000a\000b\000l\000e\000\040\000B\000e\000h\000a\000v\000i\000o\000r}{chapter.3}% 33
\BOOKMARK [0][-]{chapter.4}{\376\377\0004\000\040\000U\000n\000i\000t\000\040\000T\000e\000s\000t\000i\000n\000g\000\040\000S\000u\000i\000t\000e\000\040\000f\000o\000r\000\040\000C\000l\000u\000s\000t\000e\000r\000i\000n\000g\000\040\000P\000r\000o\000g\000r\000a\000m}{}% 34
\BOOKMARK [1][-]{section.4.1}{\376\377\0004\000.\0001\000\040\000S\000u\000m\000m\000a\000r\000y}{chapter.4}% 35
\BOOKMARK [1][-]{section.4.2}{\376\377\0004\000.\0002\000\040\000T\000e\000s\000t\000\040\000P\000r\000o\000g\000r\000a\000m\000s\000\040\000C\000r\000e\000a\000t\000e\000d}{chapter.4}% 36
\BOOKMARK [2][-]{subsection.4.2.1}{\376\377\0004\000.\0002\000.\0001\000\040\0001\000.\000\040\000<\000s\000t\000r\000o\000n\000g\000>\000t\000e\000s\000t\000\137\000m\000a\000t\000h\000s\000.\000f\0009\0000\000<\000/\000s\000t\000r\000o\000n\000g\000>\000\040\000\050\0003\0000\000\040\000t\000e\000s\000t\000s\000\051}{section.4.2}% 37
\BOOKMARK [2][-]{subsection.4.2.2}{\376\377\0004\000.\0002\000.\0002\000\040\0002\000.\000\040\000<\000s\000t\000r\000o\000n\000g\000>\000t\000e\000s\000t\000\137\000m\000a\000t\000r\000i\000x\000.\000f\0009\0000\000<\000/\000s\000t\000r\000o\000n\000g\000>\000\040\000\050\0001\0000\000\040\000t\000e\000s\000t\000s\000\051}{section.4.2}% 38
\BOOKMARK [2][-]{subsection.4.2.3}{\376\377\0004\000.\0002\000.\0003\000\040\0003\000.\000\040\000<\000s\000t\000r\000o\000n\000g\000>\000t\000e\000s\000t\000\137\000t\000h\000r\000e\000s\000h\000o\000l\000d\000.\000f\0009\0000\000<\000/\000s\000t\000r\000o\000n\000g\000>\000\040\000\050\0009\000\040\000t\000e\000s\000t\000s\000\051}{section.4.2}% 39
\BOOKMARK [2][-]{subsection.4.2.4}{\376\377\0004\000.\0002\000.\0004\000\040\0004\000.\000\040\000<\000s\000t\000r\000o\000n\000g\000>\000t\000e\000s\000t\000\137\000p\000d\000b\000.\000f\0009\0000\000<\000/\000s\000t\000r\000o\000n\000g\000>\000\040\000\050\0001\0001\000\040\000t\000e\000s\000t\000s\000\051}{section.4.2}% 40
\BOOKMARK [2][-]{subsection.4.2.5}{\376\377\0004\000.\0002\000.\0005\000\040\0005\000.\000\040\000<\000s\000t\000r\000o\000n\000g\000>\000t\000e\000s\000t\000\137\000c\000l\000u\000s\000t\000e\000r\000i\000n\000g\000.\000f\0009\0000\000<\000/\000s\000t\000r\000o\000n\000g\000>\000\040\000\050\0008\000\040\000t\000e\000s\000t\000s\000\051}{section.4.2}% 41
\BOOKMARK [2][-]{subsection.4.2.6}{\376\377\0004\000.\0002\000.\0006\000\040\0006\000.\000\040\000<\000s\000t\000r\000o\000n\000g\000>\000t\000e\000s\000t\000\137\000a\000s\000s\000o\000c\000.\000f\0009\0000\000<\000/\000s\000t\000r\000o\000n\000g\000>\000\040\000\050\0001\0001\000\040\000t\000e\000s\000t\000s\000\051}{section.4.2}% 42
\BOOKMARK [2][-]{subsection.4.2.7}{\376\377\0004\000.\0002\000.\0007\000\040\0007\000.\000\040\000<\000s\000t\000r\000o\000n\000g\000>\000t\000e\000s\000t\000\137\000r\000e\000a\000d\000\137\000i\000n\000p\000u\000t\000.\000f\0009\0000\000<\000/\000s\000t\000r\000o\000n\000g\000>\000\040\000\050\0001\0000\000\040\000t\000e\000s\000t\000s\000\051}{section.4.2}% 43
\BOOKMARK [1][-]{section.4.3}{\376\377\0004\000.\0003\000\040\000F\000i\000l\000e\000s}{chapter.4}% 44
\BOOKMARK [1][-]{section.4.4}{\376\377\0004\000.\0004\000\040\000B\000u\000i\000l\000d\000i\000n\000g\000\040\000T\000e\000s\000t\000s}{chapter.4}% 45
\BOOKMARK [2][-]{subsection.4.4.1}{\376\377\0004\000.\0004\000.\0001\000\040\000I\000n\000d\000i\000v\000i\000d\000u\000a\000l\000\040\000t\000e\000s\000t\000s\000:}{section.4.4}% 46
\BOOKMARK [2][-]{subsection.4.4.2}{\376\377\0004\000.\0004\000.\0002\000\040\000R\000u\000n\000\040\000a\000l\000l\000\040\000t\000e\000s\000t\000s\000\040\000v\000i\000a\000\040\000M\000a\000k\000e\000:}{section.4.4}% 47
\BOOKMARK [2][-]{subsection.4.4.3}{\376\377\0004\000.\0004\000.\0003\000\040\000A\000u\000t\000o\000m\000a\000t\000e\000d\000\040\000t\000e\000s\000t\000\040\000r\000u\000n\000n\000e\000r\000:}{section.4.4}% 48
\BOOKMARK [1][-]{section.4.5}{\376\377\0004\000.\0005\000\040\000T\000e\000s\000t\000\040\000C\000o\000v\000e\000r\000a\000g\000e\000\040\000M\000a\000t\000r\000i\000x}{chapter.4}% 49
\BOOKMARK [1][-]{section.4.6}{\376\377\0004\000.\0006\000\040\000T\000e\000s\000t\000\040\000F\000e\000a\000t\000u\000r\000e\000s}{chapter.4}% 50
\BOOKMARK [1][-]{section.4.7}{\376\377\0004\000.\0007\000\040\000E\000x\000a\000m\000p\000l\000e\000\040\000T\000e\000s\000t\000\040\000O\000u\000t\000p\000u\000t}{chapter.4}% 51
\BOOKMARK [1][-]{section.4.8}{\376\377\0004\000.\0008\000\040\000E\000x\000a\000m\000p\000l\000e\000\040\000O\000u\000t\000p\000u\000t}{chapter.4}% 52
\BOOKMARK [1][-]{section.4.9}{\376\377\0004\000.\0009\000\040\000O\000v\000e\000r\000a\000l\000l\000\040\000S\000t\000a\000t\000i\000s\000t\000i\000c\000s}{chapter.4}% 53
\BOOKMARK [1][-]{section.4.10}{\376\377\0004\000.\0001\0000\000\040\000R\000u\000n\000n\000i\000n\000g\000\040\000T\000e\000s\000t\000s}{chapter.4}% 54
\BOOKMARK [2][-]{subsection.4.10.1}{\376\377\0004\000.\0001\0000\000.\0001\000\040\000Q\000u\000i\000c\000k\000\040\000t\000e\000s\000t\000:}{section.4.10}% 55
\BOOKMARK [2][-]{subsection.4.10.2}{\376\377\0004\000.\0001\0000\000.\0002\000\040\000R\000u\000n\000\040\000s\000p\000e\000c\000i\000f\000i\000c\000\040\000t\000e\000s\000t\000:}{section.4.10}% 56
\BOOKMARK [2][-]{subsection.4.10.3}{\376\377\0004\000.\0001\0000\000.\0003\000\040\000V\000e\000r\000b\000o\000s\000e\000\040\000o\000u\000t\000p\000u\000t\000:}{section.4.10}% 57
\BOOKMARK [2][-]{subsection.4.10.4}{\376\377\0004\000.\0001\0000\000.\0004\000\040\000I\000n\000d\000i\000v\000i\000d\000u\000a\000l\000\040\000t\000e\000s\000t\000\040\000d\000e\000b\000u\000g\000g\000i\000n\000g\000:}{section.4.10}% 58
\BOOKMARK [1][-]{section.4.11}{\376\377\0004\000.\0001\0001\000\040\000D\000o\000c\000u\000m\000e\000n\000t\000a\000t\000i\000o\000n}{chapter.4}% 59
\BOOKMARK [1][-]{section.4.12}{\376\377\0004\000.\0001\0002\000\040\000F\000u\000t\000u\000r\000e\000\040\000E\000n\000h\000a\000n\000c\000e\000m\000e\000n\000t\000s}{chapter.4}% 60
\BOOKMARK [1][-]{section.4.13}{\376\377\0004\000.\0001\0003\000\040\000D\000e\000p\000e\000n\000d\000e\000n\000c\000i\000e\000s}{chapter.4}% 61
\BOOKMARK [1][-]{section.4.14}{\376\377\0004\000.\0001\0004\000\040\000N\000o\000t\000e\000s}{chapter.4}% 62
\BOOKMARK [0][-]{chapter.5}{\376\377\0005\000\040\000U\000n\000i\000t\000\040\000T\000e\000s\000t\000i\000n\000g\000\040\000G\000u\000i\000d\000e\000\040\000f\000o\000r\000\040\000C\000l\000u\000s\000t\000e\000r\000i\000n\000g\000\040\000P\000r\000o\000g\000r\000a\000m}{}% 63
\BOOKMARK [1][-]{section.5.1}{\376\377\0005\000.\0001\000\040\000O\000v\000e\000r\000v\000i\000e\000w}{chapter.5}% 64
\BOOKMARK [1][-]{section.5.2}{\376\377\0005\000.\0002\000\040\000T\000e\000s\000t\000\040\000F\000i\000l\000e\000s}{chapter.5}% 65
\BOOKMARK [2][-]{subsection.5.2.1}{\376\377\0005\000.\0002\000.\0001\000\040\0001\000.\000\040\000<\000s\000t\000r\000o\000n\000g\000>\000t\000e\000s\000t\000\137\000m\000a\000t\000h\000s\000.\000f\0009\0000\000<\000/\000s\000t\000r\000o\000n\000g\000>}{section.5.2}% 66
\BOOKMARK [2][-]{subsection.5.2.2}{\376\377\0005\000.\0002\000.\0002\000\040\0002\000.\000\040\000<\000s\000t\000r\000o\000n\000g\000>\000t\000e\000s\000t\000\137\000m\000a\000t\000r\000i\000x\000.\000f\0009\0000\000<\000/\000s\000t\000r\000o\000n\000g\000>}{section.5.2}% 67
\BOOKMARK [2][-]{subsection.5.2.3}{\376\377\0005\000.\0002\000.\0003\000\040\0003\000.\000\040\000<\000s\000t\000r\000o\000n\000g\000>\000t\000e\000s\000t\000\137\000t\000h\000r\000e\000s\000h\000o\000l\000d\000.\000f\0009\0000\000<\000/\000s\000t\000r\000o\000n\000g\000>}{section.5.2}% 68
\BOOKMARK [2][-]{subsection.5.2.4}{\376\377\0005\000.\0002\000.\0004\000\040\0004\000.\000\040\000<\000s\000t\000r\000o\000n\000g\000>\000t\000e\000s\000t\000\137\000p\000d\000b\000.\000f\0009\0000\000<\000/\000s\000t\000r\000o\000n\000g\000>}{section.5.2}% 69
\BOOKMARK [2][-]{subsection.5.2.5}{\376\377\0005\000.\0002\000.\0005\000\040\0005\000.\000\040\000<\000s\000t\000r\000o\000n\000g\000>\000t\000e\000s\000t\000\137\000c\000l\000u\000s\000t\000e\000r\000i\000n\000g\000.\000f\0009\0000\000<\000/\000s\000t\000r\000o\000n\000g\000>}{section.5.2}% 70
\BOOKMARK [2][-]{subsection.5.2.6}{\376\377\0005\000.\0002\000.\0006\000\040\0006\000.\000\040\000<\000s\000t\000r\000o\000n\000g\000>\000t\000e\000s\000t\000\137\000a\000s\000s\000o\000c\000.\000f\0009\0000\000<\000/\000s\000t\000r\000o\000n\000g\000>\000\040\000\050\000N\000E\000W\000\051}{section.5.2}% 71
\BOOKMARK [2][-]{subsection.5.2.7}{\376\377\0005\000.\0002\000.\0007\000\040\0007\000.\000\040\000<\000s\000t\000r\000o\000n\000g\000>\000t\000e\000s\000t\000\137\000r\000e\000a\000d\000\137\000i\000n\000p\000u\000t\000.\000f\0009\0000\000<\000/\000s\000t\000r\000o\000n\000g\000>\000\040\000\050\000N\000E\000W\000\051}{section.5.2}% 72
\BOOKMARK [1][-]{section.5.3}{\376\377\0005\000.\0003\000\040\000C\000o\000m\000p\000i\000l\000a\000t\000i\000o\000n}{chapter.5}% 73
\BOOKMARK [2][-]{subsection.5.3.1}{\376\377\0005\000.\0003\000.\0001\000\040\000C\000o\000m\000p\000i\000l\000e\000\040\000i\000n\000d\000i\000v\000i\000d\000u\000a\000l\000\040\000t\000e\000s\000t\000s\000:}{section.5.3}% 74
\BOOKMARK [2][-]{subsection.5.3.2}{\376\377\0005\000.\0003\000.\0002\000\040\000C\000o\000m\000p\000i\000l\000e\000\040\000a\000l\000l\000\040\000t\000e\000s\000t\000s\000\040\000a\000t\000\040\000o\000n\000c\000e\000:}{section.5.3}% 75
\BOOKMARK [1][-]{section.5.4}{\376\377\0005\000.\0004\000\040\000R\000u\000n\000n\000i\000n\000g\000\040\000T\000e\000s\000t\000s}{chapter.5}% 76
\BOOKMARK [2][-]{subsection.5.4.1}{\376\377\0005\000.\0004\000.\0001\000\040\000R\000u\000n\000\040\000i\000n\000d\000i\000v\000i\000d\000u\000a\000l\000\040\000t\000e\000s\000t\000s\000:}{section.5.4}% 77
\BOOKMARK [2][-]{subsection.5.4.2}{\376\377\0005\000.\0004\000.\0002\000\040\000R\000u\000n\000\040\000a\000l\000l\000\040\000t\000e\000s\000t\000s\000:}{section.5.4}% 78
\BOOKMARK [1][-]{section.5.5}{\376\377\0005\000.\0005\000\040\000E\000x\000a\000m\000p\000l\000e\000\040\000O\000u\000t\000p\000u\000t}{chapter.5}% 79
\BOOKMARK [1][-]{section.5.6}{\376\377\0005\000.\0006\000\040\000T\000e\000s\000t\000\040\000C\000o\000v\000e\000r\000a\000g\000e}{chapter.5}% 80
\BOOKMARK [1][-]{section.5.7}{\376\377\0005\000.\0007\000\040\000A\000d\000d\000i\000n\000g\000\040\000N\000e\000w\000\040\000T\000e\000s\000t\000s}{chapter.5}% 81
\BOOKMARK [1][-]{section.5.8}{\376\377\0005\000.\0008\000\040\000T\000r\000o\000u\000b\000l\000e\000s\000h\000o\000o\000t\000i\000n\000g}{chapter.5}% 82
\BOOKMARK [2][-]{subsection.5.8.1}{\376\377\0005\000.\0008\000.\0001\000\040\000R\000u\000n\000t\000i\000m\000e\000\040\000f\000a\000i\000l\000u\000r\000e\000s\000:}{section.5.8}% 83
\BOOKMARK [2][-]{subsection.5.8.2}{\376\377\0005\000.\0008\000.\0002\000\040\000P\000e\000r\000f\000o\000r\000m\000a\000n\000c\000e\000\040\000i\000s\000s\000u\000e\000s\000:}{section.5.8}% 84
\BOOKMARK [1][-]{section.5.9}{\376\377\0005\000.\0009\000\040\000R\000e\000f\000e\000r\000e\000n\000c\000e\000s}{chapter.5}% 85
\BOOKMARK [0][-]{chapter.6}{\376\377\0006\000\040\000M\000o\000d\000u\000l\000e\000s\000\040\000I\000n\000d\000e\000x}{}% 86
\BOOKMARK [1][-]{section.6.1}{\376\377\0006\000.\0001\000\040\000M\000o\000d\000u\000l\000e\000s\000\040\000L\000i\000s\000t}{chapter.6}% 87
\BOOKMARK [0][-]{chapter.7}{\376\377\0007\000\040\000D\000a\000t\000a\000\040\000T\000y\000p\000e\000\040\000I\000n\000d\000e\000x}{}% 88
\BOOKMARK [1][-]{section.7.1}{\376\377\0007\000.\0001\000\040\000D\000a\000t\000a\000\040\000T\000y\000p\000e\000s\000\040\000L\000i\000s\000t}{chapter.7}% 89
\BOOKMARK [0][-]{chapter.8}{\376\377\0008\000\040\000F\000i\000l\000e\000\040\000I\000n\000d\000e\000x}{}% 90
\BOOKMARK [1][-]{section.8.1}{\376\377\0008\000.\0001\000\040\000F\000i\000l\000e\000\040\000L\000i\000s\000t}{chapter.8}% 91
\BOOKMARK [0][-]{chapter.9}{\376\377\0009\000\040\000M\000o\000d\000u\000l\000e\000\040\000D\000o\000c\000u\000m\000e\000n\000t\000a\000t\000i\000o\000n}{}% 92
\BOOKMARK [1][-]{section.9.1}{\376\377\0009\000.\0001\000\040\000m\000a\000t\000h\000s\000\040\000M\000o\000d\000u\000l\000e\000\040\000R\000e\000f\000e\000r\000e\000n\000c\000e}{chapter.9}% 93
\BOOKMARK [2][-]{subsection.9.1.1}{\376\377\0009\000.\0001\000.\0001\000\040\000D\000e\000t\000a\000i\000l\000e\000d\000\040\000D\000e\000s\000c\000r\000i\000p\000t\000i\000o\000n}{section.9.1}% 94
\BOOKMARK [2][-]{subsection.9.1.2}{\376\377\0009\000.\0001\000.\0002\000\040\000F\000u\000n\000c\000t\000i\000o\000n\000/\000S\000u\000b\000r\000o\000u\000t\000i\000n\000e\000\040\000D\000o\000c\000u\000m\000e\000n\000t\000a\000t\000i\000o\000n}{section.9.1}% 95
\BOOKMARK [3][-]{subsubsection.9.1.2.1}{\376\377\0009\000.\0001\000.\0002\000.\0001\000\040\000c\000a\000l\000c\000u\000l\000a\000t\000e\000\137\000c\000o\000g\000\050\000\051}{subsection.9.1.2}% 96
\BOOKMARK [3][-]{subsubsection.9.1.2.2}{\376\377\0009\000.\0001\000.\0002\000.\0002\000\040\000c\000a\000l\000c\000u\000l\000a\000t\000e\000\137\000d\000i\000s\000t\000a\000n\000c\000e\000\050\000\051}{subsection.9.1.2}% 97
\BOOKMARK [3][-]{subsubsection.9.1.2.3}{\376\377\0009\000.\0001\000.\0002\000.\0003\000\040\000c\000r\000o\000s\000s\000\050\000\051}{subsection.9.1.2}% 98
\BOOKMARK [3][-]{subsubsection.9.1.2.4}{\376\377\0009\000.\0001\000.\0002\000.\0004\000\040\000r\000m\000s\000d\000\050\000\051}{subsection.9.1.2}% 99
\BOOKMARK [3][-]{subsubsection.9.1.2.5}{\376\377\0009\000.\0001\000.\0002\000.\0005\000\040\000u\000p\000d\000a\000t\000e\000\137\000c\000o\000m\000p\000l\000e\000x\000\050\000\051}{subsection.9.1.2}% 100
\BOOKMARK [3][-]{subsubsection.9.1.2.6}{\376\377\0009\000.\0001\000.\0002\000.\0006\000\040\000v\000e\000c\000t\000o\000r\000s\000\137\000a\000n\000g\000l\000e\000\137\0002\000d\000\050\000\051}{subsection.9.1.2}% 101
\BOOKMARK [3][-]{subsubsection.9.1.2.7}{\376\377\0009\000.\0001\000.\0002\000.\0007\000\040\000v\000e\000c\000t\000o\000r\000s\000\137\000a\000n\000g\000l\000e\000\137\0003\000d\000\050\000\051}{subsection.9.1.2}% 102
\BOOKMARK [1][-]{section.9.2}{\376\377\0009\000.\0002\000\040\000m\000o\000d\000\137\000a\000s\000s\000o\000c\000\040\000M\000o\000d\000u\000l\000e\000\040\000R\000e\000f\000e\000r\000e\000n\000c\000e}{chapter.9}% 103
\BOOKMARK [2][-]{subsection.9.2.1}{\376\377\0009\000.\0002\000.\0001\000\040\000D\000e\000t\000a\000i\000l\000e\000d\000\040\000D\000e\000s\000c\000r\000i\000p\000t\000i\000o\000n}{section.9.2}% 104
\BOOKMARK [2][-]{subsection.9.2.2}{\376\377\0009\000.\0002\000.\0002\000\040\000F\000u\000n\000c\000t\000i\000o\000n\000/\000S\000u\000b\000r\000o\000u\000t\000i\000n\000e\000\040\000D\000o\000c\000u\000m\000e\000n\000t\000a\000t\000i\000o\000n}{section.9.2}% 105
\BOOKMARK [3][-]{subsubsection.9.2.2.1}{\376\377\0009\000.\0002\000.\0002\000.\0001\000\040\000a\000l\000l\000o\000c\000a\000t\000e\000\137\000a\000s\000s\000o\000c\000\137\000o\000b\000j\000e\000c\000t\000\050\000\051}{subsection.9.2.2}% 106
\BOOKMARK [3][-]{subsubsection.9.2.2.2}{\376\377\0009\000.\0002\000.\0002\000.\0002\000\040\000f\000i\000l\000l\000\137\000a\000s\000s\000o\000c\000\137\000o\000b\000j\000e\000c\000t\000\050\000\051}{subsection.9.2.2}% 107
\BOOKMARK [3][-]{subsubsection.9.2.2.3}{\376\377\0009\000.\0002\000.\0002\000.\0003\000\040\000s\000i\000z\000e\000\137\000a\000s\000s\000o\000c\000\050\000\051}{subsection.9.2.2}% 108
\BOOKMARK [1][-]{section.9.3}{\376\377\0009\000.\0003\000\040\000m\000o\000d\000\137\000c\000l\000u\000s\000t\000\137\000a\000l\000g\000o\000r\000i\000t\000h\000m\000\040\000M\000o\000d\000u\000l\000e\000\040\000R\000e\000f\000e\000r\000e\000n\000c\000e}{chapter.9}% 109
\BOOKMARK [2][-]{subsection.9.3.1}{\376\377\0009\000.\0003\000.\0001\000\040\000F\000u\000n\000c\000t\000i\000o\000n\000/\000S\000u\000b\000r\000o\000u\000t\000i\000n\000e\000\040\000D\000o\000c\000u\000m\000e\000n\000t\000a\000t\000i\000o\000n}{section.9.3}% 110
\BOOKMARK [3][-]{subsubsection.9.3.1.1}{\376\377\0009\000.\0003\000.\0001\000.\0001\000\040\000l\000i\000n\000k\000a\000g\000e\000\137\000c\000l\000u\000s\000t\000e\000r\000i\000n\000g\000\050\000\051}{subsection.9.3.1}% 111
\BOOKMARK [3][-]{subsubsection.9.3.1.2}{\376\377\0009\000.\0003\000.\0001\000.\0002\000\040\000s\000o\000r\000t\000\137\000c\000o\000m\000p\000l\000e\000x\000e\000s\000\050\000\051}{subsection.9.3.1}% 112
\BOOKMARK [3][-]{subsubsection.9.3.1.3}{\376\377\0009\000.\0003\000.\0001\000.\0003\000\040\000w\000r\000i\000t\000e\000\137\000c\000l\000u\000s\000t\000\137\000i\000n\000f\000o\000\050\000\051}{subsection.9.3.1}% 113
\BOOKMARK [3][-]{subsubsection.9.3.1.4}{\376\377\0009\000.\0003\000.\0001\000.\0004\000\040\000w\000r\000i\000t\000e\000\137\000c\000l\000u\000s\000t\000e\000r\000\137\000e\000l\000e\000m\000e\000n\000t\000s\000\050\000\051}{subsection.9.3.1}% 114
\BOOKMARK [3][-]{subsubsection.9.3.1.5}{\376\377\0009\000.\0003\000.\0001\000.\0005\000\040\000w\000r\000i\000t\000e\000\137\000c\000o\000m\000p\000l\000e\000x\000e\000s\000\050\000\051}{subsection.9.3.1}% 115
\BOOKMARK [1][-]{section.9.4}{\376\377\0009\000.\0004\000\040\000m\000o\000d\000\137\000c\000u\000d\000a\000\040\000M\000o\000d\000u\000l\000e\000\040\000R\000e\000f\000e\000r\000e\000n\000c\000e}{chapter.9}% 116
\BOOKMARK [2][-]{subsection.9.4.1}{\376\377\0009\000.\0004\000.\0001\000\040\000F\000u\000n\000c\000t\000i\000o\000n\000/\000S\000u\000b\000r\000o\000u\000t\000i\000n\000e\000\040\000D\000o\000c\000u\000m\000e\000n\000t\000a\000t\000i\000o\000n}{section.9.4}% 117
\BOOKMARK [3][-]{subsubsection.9.4.1.1}{\376\377\0009\000.\0004\000.\0001\000.\0001\000\040\000c\000u\000d\000a\000\137\000f\000i\000n\000a\000l\000i\000z\000e\000\137\000c\000l\000u\000s\000t\000e\000r\000i\000n\000g\000\050\000\051}{subsection.9.4.1}% 118
\BOOKMARK [3][-]{subsubsection.9.4.1.2}{\376\377\0009\000.\0004\000.\0001\000.\0002\000\040\000c\000u\000d\000a\000\137\000f\000i\000n\000d\000\137\000a\000n\000d\000\137\000m\000e\000r\000g\000e\000\050\000\051}{subsection.9.4.1}% 119
\BOOKMARK [3][-]{subsubsection.9.4.1.3}{\376\377\0009\000.\0004\000.\0001\000.\0003\000\040\000c\000u\000d\000a\000\137\000f\000i\000n\000d\000\137\000m\000i\000n\000\137\000p\000a\000i\000r\000\050\000\051}{subsection.9.4.1}% 120
\BOOKMARK [3][-]{subsubsection.9.4.1.4}{\376\377\0009\000.\0004\000.\0001\000.\0004\000\040\000c\000u\000d\000a\000\137\000i\000n\000i\000t\000\137\000c\000l\000u\000s\000t\000e\000r\000i\000n\000g\000\050\000\051}{subsection.9.4.1}% 121
\BOOKMARK [1][-]{section.9.5}{\376\377\0009\000.\0005\000\040\000m\000o\000d\000\137\000g\000p\000u\000\137\000a\000c\000c\000e\000l\000e\000r\000a\000t\000e\000\040\000M\000o\000d\000u\000l\000e\000\040\000R\000e\000f\000e\000r\000e\000n\000c\000e}{chapter.9}% 122
\BOOKMARK [2][-]{subsection.9.5.1}{\376\377\0009\000.\0005\000.\0001\000\040\000F\000u\000n\000c\000t\000i\000o\000n\000/\000S\000u\000b\000r\000o\000u\000t\000i\000n\000e\000\040\000D\000o\000c\000u\000m\000e\000n\000t\000a\000t\000i\000o\000n}{section.9.5}% 123
\BOOKMARK [3][-]{subsubsection.9.5.1.1}{\376\377\0009\000.\0005\000.\0001\000.\0001\000\040\000g\000p\000u\000\137\000a\000v\000a\000i\000l\000a\000b\000l\000e\000\050\000\051}{subsection.9.5.1}% 124
\BOOKMARK [3][-]{subsubsection.9.5.1.2}{\376\377\0009\000.\0005\000.\0001\000.\0002\000\040\000g\000p\000u\000\137\000f\000i\000n\000d\000\137\000m\000i\000n\000\137\000p\000a\000i\000r\000\050\000\051}{subsection.9.5.1}% 125
\BOOKMARK [3][-]{subsubsection.9.5.1.3}{\376\377\0009\000.\0005\000.\0001\000.\0003\000\040\000g\000p\000u\000\137\000f\000i\000n\000d\000\137\000m\000i\000n\000\137\000p\000a\000i\000r\000\137\000m\000a\000n\000a\000g\000e\000d\000\050\000\051}{subsection.9.5.1}% 126
\BOOKMARK [3][-]{subsubsection.9.5.1.4}{\376\377\0009\000.\0005\000.\0001\000.\0004\000\040\000g\000p\000u\000\137\000p\000r\000i\000n\000t\000\137\000i\000n\000f\000o\000\050\000\051}{subsection.9.5.1}% 127
\BOOKMARK [3][-]{subsubsection.9.5.1.5}{\376\377\0009\000.\0005\000.\0001\000.\0005\000\040\000g\000p\000u\000\137\000u\000p\000d\000a\000t\000e\000\137\000d\000i\000s\000t\000a\000n\000c\000e\000s\000\050\000\051}{subsection.9.5.1}% 128
\BOOKMARK [1][-]{section.9.6}{\376\377\0009\000.\0006\000\040\000m\000o\000d\000\137\000m\000a\000t\000r\000i\000x\000\040\000M\000o\000d\000u\000l\000e\000\040\000R\000e\000f\000e\000r\000e\000n\000c\000e}{chapter.9}% 129
\BOOKMARK [2][-]{subsection.9.6.1}{\376\377\0009\000.\0006\000.\0001\000\040\000F\000u\000n\000c\000t\000i\000o\000n\000/\000S\000u\000b\000r\000o\000u\000t\000i\000n\000e\000\040\000D\000o\000c\000u\000m\000e\000n\000t\000a\000t\000i\000o\000n}{section.9.6}% 130
\BOOKMARK [3][-]{subsubsection.9.6.1.1}{\376\377\0009\000.\0006\000.\0001\000.\0001\000\040\000m\000a\000t\000r\000i\000x\000\137\000a\000n\000g\000l\000e\000\050\000\051}{subsection.9.6.1}% 131
\BOOKMARK [3][-]{subsubsection.9.6.1.2}{\376\377\0009\000.\0006\000.\0001\000.\0002\000\040\000m\000a\000t\000r\000i\000x\000\137\000a\000t\000o\000m\000s\000\137\000d\000i\000s\000t\000\050\000\051}{subsection.9.6.1}% 132
\BOOKMARK [3][-]{subsubsection.9.6.1.3}{\376\377\0009\000.\0006\000.\0001\000.\0003\000\040\000m\000a\000t\000r\000i\000x\000\137\000r\000m\000s\000d\000\050\000\051}{subsection.9.6.1}% 133
\BOOKMARK [3][-]{subsubsection.9.6.1.4}{\376\377\0009\000.\0006\000.\0001\000.\0004\000\040\000m\000a\000t\000r\000i\000x\000\137\000z\000\137\000c\000o\000o\000r\000d\000\050\000\051}{subsection.9.6.1}% 134
\BOOKMARK [3][-]{subsubsection.9.6.1.5}{\376\377\0009\000.\0006\000.\0001\000.\0005\000\040\000r\000e\000a\000d\000\137\000a\000r\000r\000a\000y\000\050\000\051}{subsection.9.6.1}% 135
\BOOKMARK [3][-]{subsubsection.9.6.1.6}{\376\377\0009\000.\0006\000.\0001\000.\0006\000\040\000r\000e\000a\000d\000\137\000m\000a\000t\000r\000i\000x\000\050\000\051}{subsection.9.6.1}% 136
\BOOKMARK [3][-]{subsubsection.9.6.1.7}{\376\377\0009\000.\0006\000.\0001\000.\0007\000\040\000w\000r\000i\000t\000e\000\137\000a\000r\000r\000a\000y\000\050\000\051}{subsection.9.6.1}% 137
\BOOKMARK [3][-]{subsubsection.9.6.1.8}{\376\377\0009\000.\0006\000.\0001\000.\0008\000\040\000w\000r\000i\000t\000e\000\137\000m\000a\000t\000r\000i\000x\000\050\000\051}{subsection.9.6.1}% 138
\BOOKMARK [1][-]{section.9.7}{\376\377\0009\000.\0007\000\040\000m\000o\000d\000\137\000p\000d\000b\000\040\000M\000o\000d\000u\000l\000e\000\040\000R\000e\000f\000e\000r\000e\000n\000c\000e}{chapter.9}% 139
\BOOKMARK [2][-]{subsection.9.7.1}{\376\377\0009\000.\0007\000.\0001\000\040\000D\000e\000t\000a\000i\000l\000e\000d\000\040\000D\000e\000s\000c\000r\000i\000p\000t\000i\000o\000n}{section.9.7}% 140
\BOOKMARK [2][-]{subsection.9.7.2}{\376\377\0009\000.\0007\000.\0002\000\040\000F\000u\000n\000c\000t\000i\000o\000n\000/\000S\000u\000b\000r\000o\000u\000t\000i\000n\000e\000\040\000D\000o\000c\000u\000m\000e\000n\000t\000a\000t\000i\000o\000n}{section.9.7}% 141
\BOOKMARK [3][-]{subsubsection.9.7.2.1}{\376\377\0009\000.\0007\000.\0002\000.\0001\000\040\000a\000l\000l\000o\000c\000a\000t\000e\000\137\000p\000d\000b\000\137\000o\000b\000j\000e\000c\000t\000\050\000\051}{subsection.9.7.2}% 142
\BOOKMARK [3][-]{subsubsection.9.7.2.2}{\376\377\0009\000.\0007\000.\0002\000.\0002\000\040\000c\000o\000u\000n\000t\000\137\000a\000t\000o\000m\000s\000\050\000\051}{subsection.9.7.2}% 143
\BOOKMARK [3][-]{subsubsection.9.7.2.3}{\376\377\0009\000.\0007\000.\0002\000.\0003\000\040\000c\000o\000u\000n\000t\000\137\000c\000h\000a\000i\000n\000s\000\050\000\051}{subsection.9.7.2}% 144
\BOOKMARK [3][-]{subsubsection.9.7.2.4}{\376\377\0009\000.\0007\000.\0002\000.\0004\000\040\000c\000o\000u\000n\000t\000\137\000r\000e\000s\000i\000d\000u\000e\000s\000\050\000\051}{subsection.9.7.2}% 145
\BOOKMARK [3][-]{subsubsection.9.7.2.5}{\376\377\0009\000.\0007\000.\0002\000.\0005\000\040\000f\000i\000l\000l\000\137\000p\000d\000b\000\137\000o\000b\000j\000e\000c\000t\000\050\000\051}{subsection.9.7.2}% 146
\BOOKMARK [1][-]{section.9.8}{\376\377\0009\000.\0008\000\040\000m\000o\000d\000\137\000t\000h\000r\000e\000s\000h\000o\000l\000d\000\040\000M\000o\000d\000u\000l\000e\000\040\000R\000e\000f\000e\000r\000e\000n\000c\000e}{chapter.9}% 147
\BOOKMARK [2][-]{subsection.9.8.1}{\376\377\0009\000.\0008\000.\0001\000\040\000F\000u\000n\000c\000t\000i\000o\000n\000/\000S\000u\000b\000r\000o\000u\000t\000i\000n\000e\000\040\000D\000o\000c\000u\000m\000e\000n\000t\000a\000t\000i\000o\000n}{section.9.8}% 148
\BOOKMARK [3][-]{subsubsection.9.8.1.1}{\376\377\0009\000.\0008\000.\0001\000.\0001\000\040\000a\000r\000r\000a\000y\000\137\000a\000n\000g\000l\000e\000\050\000\051}{subsection.9.8.1}% 149
\BOOKMARK [3][-]{subsubsection.9.8.1.2}{\376\377\0009\000.\0008\000.\0001\000.\0002\000\040\000a\000r\000r\000a\000y\000\137\000a\000t\000o\000m\000s\000\137\000d\000i\000s\000t\000\050\000\051}{subsection.9.8.1}% 150
\BOOKMARK [3][-]{subsubsection.9.8.1.3}{\376\377\0009\000.\0008\000.\0001\000.\0003\000\040\000a\000r\000r\000a\000y\000\137\000z\000\137\000c\000o\000o\000r\000d\000\050\000\051}{subsection.9.8.1}% 151
\BOOKMARK [3][-]{subsubsection.9.8.1.4}{\376\377\0009\000.\0008\000.\0001\000.\0004\000\040\000s\000o\000r\000t\000\137\000a\000r\000r\000a\000y\000\050\000\051}{subsection.9.8.1}% 152
\BOOKMARK [1][-]{section.9.9}{\376\377\0009\000.\0009\000\040\000r\000e\000a\000d\000\137\000i\000n\000p\000u\000t\000\040\000M\000o\000d\000u\000l\000e\000\040\000R\000e\000f\000e\000r\000e\000n\000c\000e}{chapter.9}% 153
\BOOKMARK [2][-]{subsection.9.9.1}{\376\377\0009\000.\0009\000.\0001\000\040\000F\000u\000n\000c\000t\000i\000o\000n\000/\000S\000u\000b\000r\000o\000u\000t\000i\000n\000e\000\040\000D\000o\000c\000u\000m\000e\000n\000t\000a\000t\000i\000o\000n}{section.9.9}% 154
\BOOKMARK [3][-]{subsubsection.9.9.1.1}{\376\377\0009\000.\0009\000.\0001\000.\0001\000\040\000r\000e\000a\000d\000\137\000a\000s\000s\000o\000c\000\050\000\051}{subsection.9.9.1}% 155
\BOOKMARK [3][-]{subsubsection.9.9.1.2}{\376\377\0009\000.\0009\000.\0001\000.\0002\000\040\000r\000e\000a\000d\000\137\000p\000d\000b\000\050\000\051}{subsection.9.9.1}% 156
\BOOKMARK [0][-]{chapter.10}{\376\377\0001\0000\000\040\000D\000a\000t\000a\000\040\000T\000y\000p\000e\000\040\000D\000o\000c\000u\000m\000e\000n\000t\000a\000t\000i\000o\000n}{}% 157
\BOOKMARK [1][-]{section.10.1}{\376\377\0001\0000\000.\0001\000\040\000m\000o\000d\000\137\000c\000u\000d\000a\000:\000:\000c\000u\000d\000a\000\137\000f\000i\000n\000a\000l\000i\000z\000e\000\137\000c\000l\000u\000s\000t\000e\000r\000i\000n\000g\000\137\000c\000\040\000I\000n\000t\000e\000r\000f\000a\000c\000e\000\040\000R\000e\000f\000e\000r\000e\000n\000c\000e}{chapter.10}% 158
\BOOKMARK [1][-]{section.10.2}{\376\377\0001\0000\000.\0002\000\040\000m\000o\000d\000\137\000c\000u\000d\000a\000:\000:\000c\000u\000d\000a\000\137\000f\000i\000n\000d\000\137\000a\000n\000d\000\137\000m\000e\000r\000g\000e\000\137\000c\000\040\000I\000n\000t\000e\000r\000f\000a\000c\000e\000\040\000R\000e\000f\000e\000r\000e\000n\000c\000e}{chapter.10}% 159
\BOOKMARK [1][-]{section.10.3}{\376\377\0001\0000\000.\0003\000\040\000m\000o\000d\000\137\000a\000s\000s\000o\000c\000:\000:\000t\000y\000p\000e\000\137\000a\000s\000s\000o\000c\000\137\000f\000i\000l\000e\000\040\000T\000y\000p\000e\000\040\000R\000e\000f\000e\000r\000e\000n\000c\000e}{chapter.10}% 160
\BOOKMARK [2][-]{subsection.10.3.1}{\376\377\0001\0000\000.\0003\000.\0001\000\040\000D\000e\000t\000a\000i\000l\000e\000d\000\040\000D\000e\000s\000c\000r\000i\000p\000t\000i\000o\000n}{section.10.3}% 161
\BOOKMARK [2][-]{subsection.10.3.2}{\376\377\0001\0000\000.\0003\000.\0002\000\040\000M\000e\000m\000b\000e\000r\000\040\000D\000a\000t\000a\000\040\000D\000o\000c\000u\000m\000e\000n\000t\000a\000t\000i\000o\000n}{section.10.3}% 162
\BOOKMARK [3][-]{subsubsection.10.3.2.1}{\376\377\0001\0000\000.\0003\000.\0002\000.\0001\000\040\000h\000e\000a\000d}{subsection.10.3.2}% 163
\BOOKMARK [3][-]{subsubsection.10.3.2.2}{\376\377\0001\0000\000.\0003\000.\0002\000.\0002\000\040\000l\000i\000n\000e\000s}{subsection.10.3.2}% 164
\BOOKMARK [3][-]{subsubsection.10.3.2.3}{\376\377\0001\0000\000.\0003\000.\0002\000.\0003\000\040\000n\000l\000i\000n\000e\000s}{subsection.10.3.2}% 165
\BOOKMARK [3][-]{subsubsection.10.3.2.4}{\376\377\0001\0000\000.\0003\000.\0002\000.\0004\000\040\000r\000o\000t\0001}{subsection.10.3.2}% 166
\BOOKMARK [3][-]{subsubsection.10.3.2.5}{\376\377\0001\0000\000.\0003\000.\0002\000.\0005\000\040\000r\000o\000t\0002}{subsection.10.3.2}% 167
\BOOKMARK [3][-]{subsubsection.10.3.2.6}{\376\377\0001\0000\000.\0003\000.\0002\000.\0006\000\040\000t\000r\000a\000n\000s\000\137\000v\000e\000c\000t\000o\000r}{subsection.10.3.2}% 168
\BOOKMARK [3][-]{subsubsection.10.3.2.7}{\376\377\0001\0000\000.\0003\000.\0002\000.\0007\000\040\000x\000c\0001}{subsection.10.3.2}% 169
\BOOKMARK [3][-]{subsubsection.10.3.2.8}{\376\377\0001\0000\000.\0003\000.\0002\000.\0008\000\040\000x\000c\0002}{subsection.10.3.2}% 170
\BOOKMARK [1][-]{section.10.4}{\376\377\0001\0000\000.\0004\000\040\000m\000o\000d\000\137\000p\000d\000b\000:\000:\000t\000y\000p\000e\000\137\000p\000d\000b\000\137\000a\000t\000o\000m\000\040\000T\000y\000p\000e\000\040\000R\000e\000f\000e\000r\000e\000n\000c\000e}{chapter.10}% 171
\BOOKMARK [2][-]{subsection.10.4.1}{\376\377\0001\0000\000.\0004\000.\0001\000\040\000M\000e\000m\000b\000e\000r\000\040\000D\000a\000t\000a\000\040\000D\000o\000c\000u\000m\000e\000n\000t\000a\000t\000i\000o\000n}{section.10.4}% 172
\BOOKMARK [3][-]{subsubsection.10.4.1.1}{\376\377\0001\0000\000.\0004\000.\0001\000.\0001\000\040\000b\000e\000t\000a}{subsection.10.4.1}% 173
\BOOKMARK [3][-]{subsubsection.10.4.1.2}{\376\377\0001\0000\000.\0004\000.\0001\000.\0002\000\040\000c\000h\000a\000i\000n\000i\000d}{subsection.10.4.1}% 174
\BOOKMARK [3][-]{subsubsection.10.4.1.3}{\376\377\0001\0000\000.\0004\000.\0001\000.\0003\000\040\000c\000o\000o\000r\000d}{subsection.10.4.1}% 175
\BOOKMARK [3][-]{subsubsection.10.4.1.4}{\376\377\0001\0000\000.\0004\000.\0001\000.\0004\000\040\000i\000d}{subsection.10.4.1}% 176
\BOOKMARK [3][-]{subsubsection.10.4.1.5}{\376\377\0001\0000\000.\0004\000.\0001\000.\0005\000\040\000n\000a\000m\000e}{subsection.10.4.1}% 177
\BOOKMARK [3][-]{subsubsection.10.4.1.6}{\376\377\0001\0000\000.\0004\000.\0001\000.\0006\000\040\000o\000c\000c}{subsection.10.4.1}% 178
\BOOKMARK [3][-]{subsubsection.10.4.1.7}{\376\377\0001\0000\000.\0004\000.\0001\000.\0007\000\040\000r\000e\000c\000o\000r\000d}{subsection.10.4.1}% 179
\BOOKMARK [3][-]{subsubsection.10.4.1.8}{\376\377\0001\0000\000.\0004\000.\0001\000.\0008\000\040\000r\000e\000s\000i\000d}{subsection.10.4.1}% 180
\BOOKMARK [3][-]{subsubsection.10.4.1.9}{\376\377\0001\0000\000.\0004\000.\0001\000.\0009\000\040\000r\000e\000s\000n\000a\000m\000e}{subsection.10.4.1}% 181
\BOOKMARK [1][-]{section.10.5}{\376\377\0001\0000\000.\0005\000\040\000m\000o\000d\000\137\000p\000d\000b\000:\000:\000t\000y\000p\000e\000\137\000p\000d\000b\000\137\000c\000h\000a\000i\000n\000\040\000T\000y\000p\000e\000\040\000R\000e\000f\000e\000r\000e\000n\000c\000e}{chapter.10}% 182
\BOOKMARK [1][-]{section.10.6}{\376\377\0001\0000\000.\0006\000\040\000m\000o\000d\000\137\000p\000d\000b\000:\000:\000t\000y\000p\000e\000\137\000p\000d\000b\000\137\000f\000i\000l\000e\000\040\000T\000y\000p\000e\000\040\000R\000e\000f\000e\000r\000e\000n\000c\000e}{chapter.10}% 183
\BOOKMARK [2][-]{subsection.10.6.1}{\376\377\0001\0000\000.\0006\000.\0001\000\040\000D\000e\000t\000a\000i\000l\000e\000d\000\040\000D\000e\000s\000c\000r\000i\000p\000t\000i\000o\000n}{section.10.6}% 184
\BOOKMARK [2][-]{subsection.10.6.2}{\376\377\0001\0000\000.\0006\000.\0002\000\040\000M\000e\000m\000b\000e\000r\000\040\000D\000a\000t\000a\000\040\000D\000o\000c\000u\000m\000e\000n\000t\000a\000t\000i\000o\000n}{section.10.6}% 185
\BOOKMARK [3][-]{subsubsection.10.6.2.1}{\376\377\0001\0000\000.\0006\000.\0002\000.\0001\000\040\000a\000t\000o\000m\000s}{subsection.10.6.2}% 186
\BOOKMARK [3][-]{subsubsection.10.6.2.2}{\376\377\0001\0000\000.\0006\000.\0002\000.\0002\000\040\000c\000h\000a\000i\000n\000s}{subsection.10.6.2}% 187
\BOOKMARK [3][-]{subsubsection.10.6.2.3}{\376\377\0001\0000\000.\0006\000.\0002\000.\0003\000\040\000n\000a\000t\000o\000m\000s}{subsection.10.6.2}% 188
\BOOKMARK [3][-]{subsubsection.10.6.2.4}{\376\377\0001\0000\000.\0006\000.\0002\000.\0004\000\040\000n\000c\000h\000a\000i\000n\000s}{subsection.10.6.2}% 189
\BOOKMARK [3][-]{subsubsection.10.6.2.5}{\376\377\0001\0000\000.\0006\000.\0002\000.\0005\000\040\000n\000r\000e\000s\000i\000d\000u\000e\000s}{subsection.10.6.2}% 190
\BOOKMARK [3][-]{subsubsection.10.6.2.6}{\376\377\0001\0000\000.\0006\000.\0002\000.\0006\000\040\000r\000e\000s\000i\000d\000u\000e\000s}{subsection.10.6.2}% 191
\BOOKMARK [1][-]{section.10.7}{\376\377\0001\0000\000.\0007\000\040\000m\000o\000d\000\137\000p\000d\000b\000:\000:\000t\000y\000p\000e\000\137\000p\000d\000b\000\137\000r\000e\000s\000i\000d\000u\000e\000\040\000T\000y\000p\000e\000\040\000R\000e\000f\000e\000r\000e\000n\000c\000e}{chapter.10}% 192
\BOOKMARK [2][-]{subsection.10.7.1}{\376\377\0001\0000\000.\0007\000.\0001\000\040\000M\000e\000m\000b\000e\000r\000\040\000D\000a\000t\000a\000\040\000D\000o\000c\000u\000m\000e\000n\000t\000a\000t\000i\000o\000n}{section.10.7}% 193
\BOOKMARK [3][-]{subsubsection.10.7.1.1}{\376\377\0001\0000\000.\0007\000.\0001\000.\0001\000\040\000a\000t\000o\000m\000s}{subsection.10.7.1}% 194
\BOOKMARK [3][-]{subsubsection.10.7.1.2}{\376\377\0001\0000\000.\0007\000.\0001\000.\0002\000\040\000c\000h\000a\000i\000n\000i\000d}{subsection.10.7.1}% 195
\BOOKMARK [3][-]{subsubsection.10.7.1.3}{\376\377\0001\0000\000.\0007\000.\0001\000.\0003\000\040\000n\000a\000t\000o\000m\000s}{subsection.10.7.1}% 196
\BOOKMARK [3][-]{subsubsection.10.7.1.4}{\376\377\0001\0000\000.\0007\000.\0001\000.\0004\000\040\000r\000e\000s\000i\000d}{subsection.10.7.1}% 197
\BOOKMARK [3][-]{subsubsection.10.7.1.5}{\376\377\0001\0000\000.\0007\000.\0001\000.\0005\000\040\000r\000e\000s\000n\000a\000m\000e}{subsection.10.7.1}% 198
\BOOKMARK [0][-]{chapter.11}{\376\377\0001\0001\000\040\000F\000i\000l\000e\000\040\000D\000o\000c\000u\000m\000e\000n\000t\000a\000t\000i\000o\000n}{}% 199
\BOOKMARK [1][-]{section.11.1}{\376\377\0001\0001\000.\0001\000\040\000a\000n\000a\000l\000y\000z\000e\000\137\000r\000e\000s\000i\000d\000u\000e\000s\000.\000f\0009\0000\000\040\000F\000i\000l\000e\000\040\000R\000e\000f\000e\000r\000e\000n\000c\000e}{chapter.11}% 200
\BOOKMARK [2][-]{subsection.11.1.1}{\376\377\0001\0001\000.\0001\000.\0001\000\040\000F\000u\000n\000c\000t\000i\000o\000n\000/\000S\000u\000b\000r\000o\000u\000t\000i\000n\000e\000\040\000D\000o\000c\000u\000m\000e\000n\000t\000a\000t\000i\000o\000n}{section.11.1}% 201
\BOOKMARK [3][-]{subsubsection.11.1.1.1}{\376\377\0001\0001\000.\0001\000.\0001\000.\0001\000\040\000m\000a\000i\000n\000\050\000\051}{subsection.11.1.1}% 202
\BOOKMARK [3][-]{subsubsection.11.1.1.2}{\376\377\0001\0001\000.\0001\000.\0001\000.\0002\000\040\000p\000r\000i\000n\000t\000\137\000h\000e\000l\000p\000\050\000\051}{subsection.11.1.1}% 203
\BOOKMARK [1][-]{section.11.2}{\376\377\0001\0001\000.\0002\000\040\000c\000l\000u\000s\000t\000.\000f\0009\0000\000\040\000F\000i\000l\000e\000\040\000R\000e\000f\000e\000r\000e\000n\000c\000e}{chapter.11}% 204
\BOOKMARK [2][-]{subsection.11.2.1}{\376\377\0001\0001\000.\0002\000.\0001\000\040\000F\000u\000n\000c\000t\000i\000o\000n\000/\000S\000u\000b\000r\000o\000u\000t\000i\000n\000e\000\040\000D\000o\000c\000u\000m\000e\000n\000t\000a\000t\000i\000o\000n}{section.11.2}% 205
\BOOKMARK [3][-]{subsubsection.11.2.1.1}{\376\377\0001\0001\000.\0002\000.\0001\000.\0001\000\040\000m\000a\000i\000n\000\050\000\051}{subsection.11.2.1}% 206
\BOOKMARK [3][-]{subsubsection.11.2.1.2}{\376\377\0001\0001\000.\0002\000.\0001\000.\0002\000\040\000p\000r\000i\000n\000t\000\137\000h\000e\000l\000p\000\050\000\051}{subsection.11.2.1}% 207
\BOOKMARK [1][-]{section.11.3}{\376\377\0001\0001\000.\0003\000\040\000c\000l\000u\000s\000t\000\137\000a\000l\000l\000.\000f\0009\0000\000\040\000F\000i\000l\000e\000\040\000R\000e\000f\000e\000r\000e\000n\000c\000e}{chapter.11}% 208
\BOOKMARK [2][-]{subsection.11.3.1}{\376\377\0001\0001\000.\0003\000.\0001\000\040\000F\000u\000n\000c\000t\000i\000o\000n\000/\000S\000u\000b\000r\000o\000u\000t\000i\000n\000e\000\040\000D\000o\000c\000u\000m\000e\000n\000t\000a\000t\000i\000o\000n}{section.11.3}% 209
\BOOKMARK [3][-]{subsubsection.11.3.1.1}{\376\377\0001\0001\000.\0003\000.\0001\000.\0001\000\040\000c\000l\000u\000s\000t\000\137\000a\000l\000l\000\050\000\051}{subsection.11.3.1}% 210
\BOOKMARK [3][-]{subsubsection.11.3.1.2}{\376\377\0001\0001\000.\0003\000.\0001\000.\0002\000\040\000p\000r\000i\000n\000t\000\137\000h\000e\000l\000p\000\050\000\051}{subsection.11.3.1}% 211
\BOOKMARK [3][-]{subsubsection.11.3.1.3}{\376\377\0001\0001\000.\0003\000.\0001\000.\0003\000\040\000r\000e\000a\000d\000\137\000a\000t\000o\000m\000s\000\137\000c\000o\000o\000r\000d\000\050\000\051}{subsection.11.3.1}% 212
\BOOKMARK [1][-]{section.11.4}{\376\377\0001\0001\000.\0004\000\040\000m\000a\000k\000e\000\137\000m\000a\000t\000r\000i\000x\000.\000f\0009\0000\000\040\000F\000i\000l\000e\000\040\000R\000e\000f\000e\000r\000e\000n\000c\000e}{chapter.11}% 213
\BOOKMARK [2][-]{subsection.11.4.1}{\376\377\0001\0001\000.\0004\000.\0001\000\040\000F\000u\000n\000c\000t\000i\000o\000n\000/\000S\000u\000b\000r\000o\000u\000t\000i\000n\000e\000\040\000D\000o\000c\000u\000m\000e\000n\000t\000a\000t\000i\000o\000n}{section.11.4}% 214
\BOOKMARK [3][-]{subsubsection.11.4.1.1}{\376\377\0001\0001\000.\0004\000.\0001\000.\0001\000\040\000m\000a\000i\000n\000\050\000\051}{subsection.11.4.1}% 215
\BOOKMARK [3][-]{subsubsection.11.4.1.2}{\376\377\0001\0001\000.\0004\000.\0001\000.\0002\000\040\000p\000r\000i\000n\000t\000\137\000h\000e\000l\000p\000\050\000\051}{subsection.11.4.1}% 216
\BOOKMARK [3][-]{subsubsection.11.4.1.3}{\376\377\0001\0001\000.\0004\000.\0001\000.\0003\000\040\000r\000e\000a\000d\000\137\000a\000t\000o\000m\000s\000\137\000c\000o\000o\000r\000d\000\050\000\051}{subsection.11.4.1}% 217
\BOOKMARK [1][-]{section.11.5}{\376\377\0001\0001\000.\0005\000\040\000m\000a\000t\000h\000s\000.\000f\0009\0000\000\040\000F\000i\000l\000e\000\040\000R\000e\000f\000e\000r\000e\000n\000c\000e}{chapter.11}% 218
\BOOKMARK [1][-]{section.11.6}{\376\377\0001\0001\000.\0006\000\040\000m\000o\000d\000\137\000a\000s\000s\000o\000c\000.\000f\0009\0000\000\040\000F\000i\000l\000e\000\040\000R\000e\000f\000e\000r\000e\000n\000c\000e}{chapter.11}% 219
\BOOKMARK [1][-]{section.11.7}{\376\377\0001\0001\000.\0007\000\040\000m\000o\000d\000\137\000c\000l\000u\000s\000t\000\137\000a\000l\000g\000o\000r\000i\000t\000h\000m\000.\000f\0009\0000\000\040\000F\000i\000l\000e\000\040\000R\000e\000f\000e\000r\000e\000n\000c\000e}{chapter.11}% 220
\BOOKMARK [1][-]{section.11.8}{\376\377\0001\0001\000.\0008\000\040\000m\000o\000d\000\137\000c\000u\000d\000a\000.\000f\0009\0000\000\040\000F\000i\000l\000e\000\040\000R\000e\000f\000e\000r\000e\000n\000c\000e}{chapter.11}% 221
\BOOKMARK [1][-]{section.11.9}{\376\377\0001\0001\000.\0009\000\040\000m\000o\000d\000\137\000c\000u\000d\000a\000\137\000o\000l\000d\000.\000f\0009\0000\000\040\000F\000i\000l\000e\000\040\000R\000e\000f\000e\000r\000e\000n\000c\000e}{chapter.11}% 222
\BOOKMARK [1][-]{section.11.10}{\376\377\0001\0001\000.\0001\0000\000\040\000m\000o\000d\000\137\000g\000p\000u\000\137\000a\000c\000c\000e\000l\000e\000r\000a\000t\000e\000.\000f\0009\0000\000\040\000F\000i\000l\000e\000\040\000R\000e\000f\000e\000r\000e\000n\000c\000e}{chapter.11}% 223
\BOOKMARK [1][-]{section.11.11}{\376\377\0001\0001\000.\0001\0001\000\040\000m\000o\000d\000\137\000m\000a\000t\000r\000i\000x\000.\000f\0009\0000\000\040\000F\000i\000l\000e\000\040\000R\000e\000f\000e\000r\000e\000n\000c\000e}{chapter.11}% 224
\BOOKMARK [1][-]{section.11.12}{\376\377\0001\0001\000.\0001\0002\000\040\000m\000o\000d\000\137\000p\000d\000b\000.\000f\0009\0000\000\040\000F\000i\000l\000e\000\040\000R\000e\000f\000e\000r\000e\000n\000c\000e}{chapter.11}% 225
\BOOKMARK [1][-]{section.11.13}{\376\377\0001\0001\000.\0001\0003\000\040\000m\000o\000d\000\137\000t\000h\000r\000e\000s\000h\000o\000l\000d\000.\000f\0009\0000\000\040\000F\000i\000l\000e\000\040\000R\000e\000f\000e\000r\000e\000n\000c\000e}{chapter.11}% 226
\BOOKMARK [1][-]{section.11.14}{\376\377\0001\0001\000.\0001\0004\000\040\000r\000e\000a\000d\000\137\000i\000n\000p\000u\000t\000.\000f\0009\0000\000\040\000F\000i\000l\000e\000\040\000R\000e\000f\000e\000r\000e\000n\000c\000e}{chapter.11}% 227
\BOOKMARK [1][-]{section.11.15}{\376\377\0001\0001\000.\0001\0005\000\040\000t\000h\000r\000e\000s\000h\000o\000l\000d\000.\000f\0009\0000\000\040\000F\000i\000l\000e\000\040\000R\000e\000f\000e\000r\000e\000n\000c\000e}{chapter.11}% 228
\BOOKMARK [2][-]{subsection.11.15.1}{\376\377\0001\0001\000.\0001\0005\000.\0001\000\040\000F\000u\000n\000c\000t\000i\000o\000n\000/\000S\000u\000b\000r\000o\000u\000t\000i\000n\000e\000\040\000D\000o\000c\000u\000m\000e\000n\000t\000a\000t\000i\000o\000n}{section.11.15}% 229
\BOOKMARK [3][-]{subsubsection.11.15.1.1}{\376\377\0001\0001\000.\0001\0005\000.\0001\000.\0001\000\040\000m\000a\000i\000n\000\050\000\051}{subsection.11.15.1}% 230
\BOOKMARK [3][-]{subsubsection.11.15.1.2}{\376\377\0001\0001\000.\0001\0005\000.\0001\000.\0002\000\040\000p\000r\000i\000n\000t\000\137\000h\000e\000l\000p\000\050\000\051}{subsection.11.15.1}% 231
\BOOKMARK [3][-]{subsubsection.11.15.1.3}{\376\377\0001\0001\000.\0001\0005\000.\0001\000.\0003\000\040\000r\000e\000a\000d\000\137\000a\000t\000o\000m\000s\000\137\000c\000o\000o\000r\000d\000\050\000\051}{subsection.11.15.1}% 232
\BOOKMARK [3][-]{subsubsection.11.15.1.4}{\376\377\0001\0001\000.\0001\0005\000.\0001\000.\0004\000\040\000w\000r\000i\000t\000e\000\137\000a\000r\000r\000a\000y\000\050\000\051}{subsection.11.15.1}% 233
\BOOKMARK [3][-]{subsubsection.11.15.1.5}{\376\377\0001\0001\000.\0001\0005\000.\0001\000.\0005\000\040\000w\000r\000i\000t\000e\000\137\000c\000o\000m\000p\000l\000e\000x\000e\000s\000\050\000\051}{subsection.11.15.1}% 234
\BOOKMARK [1][-]{section.11.16}{\376\377\0001\0001\000.\0001\0006\000\040\000u\000n\000i\000t\000\137\000t\000e\000s\000t\000/\000I\000N\000D\000E\000X\000.\000m\000d\000\040\000F\000i\000l\000e\000\040\000R\000e\000f\000e\000r\000e\000n\000c\000e}{chapter.11}% 235
\BOOKMARK [1][-]{section.11.17}{\376\377\0001\0001\000.\0001\0007\000\040\000u\000n\000i\000t\000\137\000t\000e\000s\000t\000/\000Q\000U\000I\000C\000K\000\137\000T\000E\000S\000T\000.\000m\000d\000\040\000F\000i\000l\000e\000\040\000R\000e\000f\000e\000r\000e\000n\000c\000e}{chapter.11}% 236
\BOOKMARK [1][-]{section.11.18}{\376\377\0001\0001\000.\0001\0008\000\040\000u\000n\000i\000t\000\137\000t\000e\000s\000t\000/\000R\000E\000A\000D\000M\000E\000.\000m\000d\000\040\000F\000i\000l\000e\000\040\000R\000e\000f\000e\000r\000e\000n\000c\000e}{chapter.11}% 237
\BOOKMARK [1][-]{section.11.19}{\376\377\0001\0001\000.\0001\0009\000\040\000u\000n\000i\000t\000\137\000t\000e\000s\000t\000/\000r\000u\000n\000\137\000a\000l\000l\000\137\000t\000e\000s\000t\000s\000.\000s\000h\000\040\000F\000i\000l\000e\000\040\000R\000e\000f\000e\000r\000e\000n\000c\000e}{chapter.11}% 238
\BOOKMARK [1][-]{section.11.20}{\376\377\0001\0001\000.\0002\0000\000\040\000u\000n\000i\000t\000\137\000t\000e\000s\000t\000/\000t\000e\000s\000t\000\137\000a\000s\000s\000o\000c\000.\000f\0009\0000\000\040\000F\000i\000l\000e\000\040\000R\000e\000f\000e\000r\000e\000n\000c\000e}{chapter.11}% 239
\BOOKMARK [2][-]{subsection.11.20.1}{\376\377\0001\0001\000.\0002\0000\000.\0001\000\040\000F\000u\000n\000c\000t\000i\000o\000n\000/\000S\000u\000b\000r\000o\000u\000t\000i\000n\000e\000\040\000D\000o\000c\000u\000m\000e\000n\000t\000a\000t\000i\000o\000n}{section.11.20}% 240
\BOOKMARK [3][-]{subsubsection.11.20.1.1}{\376\377\0001\0001\000.\0002\0000\000.\0001\000.\0001\000\040\000t\000e\000s\000t\000\137\000a\000l\000l\000o\000c\000a\000t\000e\000\137\000a\000s\000s\000o\000c\000\137\000o\000b\000j\000e\000c\000t\000\050\000\051}{subsection.11.20.1}% 241
\BOOKMARK [3][-]{subsubsection.11.20.1.2}{\376\377\0001\0001\000.\0002\0000\000.\0001\000.\0002\000\040\000t\000e\000s\000t\000\137\000a\000s\000s\000o\000c\000\050\000\051}{subsection.11.20.1}% 242
\BOOKMARK [3][-]{subsubsection.11.20.1.3}{\376\377\0001\0001\000.\0002\0000\000.\0001\000.\0003\000\040\000t\000e\000s\000t\000\137\000r\000e\000a\000d\000\137\000a\000s\000s\000o\000c\000\137\000f\000i\000l\000e\000\050\000\051}{subsection.11.20.1}% 243
\BOOKMARK [3][-]{subsubsection.11.20.1.4}{\376\377\0001\0001\000.\0002\0000\000.\0001\000.\0004\000\040\000t\000e\000s\000t\000\137\000s\000i\000z\000e\000\137\000a\000s\000s\000o\000c\000\050\000\051}{subsection.11.20.1}% 244
\BOOKMARK [1][-]{section.11.21}{\376\377\0001\0001\000.\0002\0001\000\040\000u\000n\000i\000t\000\137\000t\000e\000s\000t\000/\000t\000e\000s\000t\000\137\000c\000l\000u\000s\000t\000e\000r\000i\000n\000g\000.\000f\0009\0000\000\040\000F\000i\000l\000e\000\040\000R\000e\000f\000e\000r\000e\000n\000c\000e}{chapter.11}% 245
\BOOKMARK [2][-]{subsection.11.21.1}{\376\377\0001\0001\000.\0002\0001\000.\0001\000\040\000F\000u\000n\000c\000t\000i\000o\000n\000/\000S\000u\000b\000r\000o\000u\000t\000i\000n\000e\000\040\000D\000o\000c\000u\000m\000e\000n\000t\000a\000t\000i\000o\000n}{section.11.21}% 246
\BOOKMARK [3][-]{subsubsection.11.21.1.1}{\376\377\0001\0001\000.\0002\0001\000.\0001\000.\0001\000\040\000t\000e\000s\000t\000\137\000c\000l\000u\000s\000t\000e\000r\000\137\000w\000r\000i\000t\000i\000n\000g\000\050\000\051}{subsection.11.21.1}% 247
\BOOKMARK [3][-]{subsubsection.11.21.1.2}{\376\377\0001\0001\000.\0002\0001\000.\0001\000.\0002\000\040\000t\000e\000s\000t\000\137\000c\000l\000u\000s\000t\000e\000r\000i\000n\000g\000\050\000\051}{subsection.11.21.1}% 248
\BOOKMARK [3][-]{subsubsection.11.21.1.3}{\376\377\0001\0001\000.\0002\0001\000.\0001\000.\0003\000\040\000t\000e\000s\000t\000\137\000c\000l\000u\000s\000t\000e\000r\000i\000n\000g\000\137\000s\000t\000a\000t\000i\000s\000t\000i\000c\000s\000\050\000\051}{subsection.11.21.1}% 249
\BOOKMARK [3][-]{subsubsection.11.21.1.4}{\376\377\0001\0001\000.\0002\0001\000.\0001\000.\0004\000\040\000t\000e\000s\000t\000\137\000m\000a\000x\000i\000m\000u\000m\000\137\000l\000i\000n\000k\000a\000g\000e\000\050\000\051}{subsection.11.21.1}% 250
\BOOKMARK [3][-]{subsubsection.11.21.1.5}{\376\377\0001\0001\000.\0002\0001\000.\0001\000.\0005\000\040\000t\000e\000s\000t\000\137\000m\000e\000a\000n\000\137\000l\000i\000n\000k\000a\000g\000e\000\050\000\051}{subsection.11.21.1}% 251
\BOOKMARK [3][-]{subsubsection.11.21.1.6}{\376\377\0001\0001\000.\0002\0001\000.\0001\000.\0006\000\040\000t\000e\000s\000t\000\137\000m\000i\000n\000i\000m\000u\000m\000\137\000l\000i\000n\000k\000a\000g\000e\000\050\000\051}{subsection.11.21.1}% 252
\BOOKMARK [3][-]{subsubsection.11.21.1.7}{\376\377\0001\0001\000.\0002\0001\000.\0001\000.\0007\000\040\000t\000e\000s\000t\000\137\000s\000i\000m\000p\000l\000e\000\137\000c\000l\000u\000s\000t\000e\000r\000i\000n\000g\000\050\000\051}{subsection.11.21.1}% 253
\BOOKMARK [1][-]{section.11.22}{\376\377\0001\0001\000.\0002\0002\000\040\000u\000n\000i\000t\000\137\000t\000e\000s\000t\000/\000t\000e\000s\000t\000\137\000m\000a\000t\000h\000s\000.\000f\0009\0000\000\040\000F\000i\000l\000e\000\040\000R\000e\000f\000e\000r\000e\000n\000c\000e}{chapter.11}% 254
\BOOKMARK [2][-]{subsection.11.22.1}{\376\377\0001\0001\000.\0002\0002\000.\0001\000\040\000F\000u\000n\000c\000t\000i\000o\000n\000/\000S\000u\000b\000r\000o\000u\000t\000i\000n\000e\000\040\000D\000o\000c\000u\000m\000e\000n\000t\000a\000t\000i\000o\000n}{section.11.22}% 255
\BOOKMARK [3][-]{subsubsection.11.22.1.1}{\376\377\0001\0001\000.\0002\0002\000.\0001\000.\0001\000\040\000a\000s\000s\000e\000r\000t\000\137\000v\000e\000c\000t\000o\000r\000\137\000e\000q\000u\000a\000l\000\050\000\051}{subsection.11.22.1}% 256
\BOOKMARK [3][-]{subsubsection.11.22.1.2}{\376\377\0001\0001\000.\0002\0002\000.\0001\000.\0002\000\040\000t\000e\000s\000t\000\137\000c\000a\000l\000c\000u\000l\000a\000t\000e\000\137\000c\000o\000g\000\050\000\051}{subsection.11.22.1}% 257
\BOOKMARK [3][-]{subsubsection.11.22.1.3}{\376\377\0001\0001\000.\0002\0002\000.\0001\000.\0003\000\040\000t\000e\000s\000t\000\137\000c\000a\000l\000c\000u\000l\000a\000t\000e\000\137\000d\000i\000s\000t\000a\000n\000c\000e\000\050\000\051}{subsection.11.22.1}% 258
\BOOKMARK [3][-]{subsubsection.11.22.1.4}{\376\377\0001\0001\000.\0002\0002\000.\0001\000.\0004\000\040\000t\000e\000s\000t\000\137\000c\000r\000o\000s\000s\000\137\000p\000r\000o\000d\000u\000c\000t\000\050\000\051}{subsection.11.22.1}% 259
\BOOKMARK [3][-]{subsubsection.11.22.1.5}{\376\377\0001\0001\000.\0002\0002\000.\0001\000.\0005\000\040\000t\000e\000s\000t\000\137\000m\000a\000t\000h\000s\000\050\000\051}{subsection.11.22.1}% 260
\BOOKMARK [3][-]{subsubsection.11.22.1.6}{\376\377\0001\0001\000.\0002\0002\000.\0001\000.\0006\000\040\000t\000e\000s\000t\000\137\000r\000m\000s\000d\000\050\000\051}{subsection.11.22.1}% 261
\BOOKMARK [3][-]{subsubsection.11.22.1.7}{\376\377\0001\0001\000.\0002\0002\000.\0001\000.\0007\000\040\000t\000e\000s\000t\000\137\000u\000p\000d\000a\000t\000e\000\137\000c\000o\000m\000p\000l\000e\000x\000\050\000\051}{subsection.11.22.1}% 262
\BOOKMARK [3][-]{subsubsection.11.22.1.8}{\376\377\0001\0001\000.\0002\0002\000.\0001\000.\0008\000\040\000t\000e\000s\000t\000\137\000v\000e\000c\000t\000o\000r\000s\000\137\000a\000n\000g\000l\000e\000\137\0002\000d\000\050\000\051}{subsection.11.22.1}% 263
\BOOKMARK [3][-]{subsubsection.11.22.1.9}{\376\377\0001\0001\000.\0002\0002\000.\0001\000.\0009\000\040\000t\000e\000s\000t\000\137\000v\000e\000c\000t\000o\000r\000s\000\137\000a\000n\000g\000l\000e\000\137\0003\000d\000\050\000\051}{subsection.11.22.1}% 264
\BOOKMARK [1][-]{section.11.23}{\376\377\0001\0001\000.\0002\0003\000\040\000u\000n\000i\000t\000\137\000t\000e\000s\000t\000/\000t\000e\000s\000t\000\137\000m\000a\000t\000r\000i\000x\000.\000f\0009\0000\000\040\000F\000i\000l\000e\000\040\000R\000e\000f\000e\000r\000e\000n\000c\000e}{chapter.11}% 265
\BOOKMARK [2][-]{subsection.11.23.1}{\376\377\0001\0001\000.\0002\0003\000.\0001\000\040\000F\000u\000n\000c\000t\000i\000o\000n\000/\000S\000u\000b\000r\000o\000u\000t\000i\000n\000e\000\040\000D\000o\000c\000u\000m\000e\000n\000t\000a\000t\000i\000o\000n}{section.11.23}% 266
\BOOKMARK [3][-]{subsubsection.11.23.1.1}{\376\377\0001\0001\000.\0002\0003\000.\0001\000.\0001\000\040\000t\000e\000s\000t\000\137\000m\000a\000t\000r\000i\000x\000\050\000\051}{subsection.11.23.1}% 267
\BOOKMARK [3][-]{subsubsection.11.23.1.2}{\376\377\0001\0001\000.\0002\0003\000.\0001\000.\0002\000\040\000t\000e\000s\000t\000\137\000m\000a\000t\000r\000i\000x\000\137\000a\000n\000g\000l\000e\000\137\000c\000a\000l\000c\000\050\000\051}{subsection.11.23.1}% 268
\BOOKMARK [3][-]{subsubsection.11.23.1.3}{\376\377\0001\0001\000.\0002\0003\000.\0001\000.\0003\000\040\000t\000e\000s\000t\000\137\000m\000a\000t\000r\000i\000x\000\137\000a\000t\000o\000m\000s\000\137\000d\000i\000s\000t\000\050\000\051}{subsection.11.23.1}% 269
\BOOKMARK [3][-]{subsubsection.11.23.1.4}{\376\377\0001\0001\000.\0002\0003\000.\0001\000.\0004\000\040\000t\000e\000s\000t\000\137\000m\000a\000t\000r\000i\000x\000\137\000r\000m\000s\000d\000\137\000c\000a\000l\000c\000\050\000\051}{subsection.11.23.1}% 270
\BOOKMARK [3][-]{subsubsection.11.23.1.5}{\376\377\0001\0001\000.\0002\0003\000.\0001\000.\0005\000\040\000t\000e\000s\000t\000\137\000m\000a\000t\000r\000i\000x\000\137\000z\000\137\000c\000o\000o\000r\000d\000\050\000\051}{subsection.11.23.1}% 271
\BOOKMARK [3][-]{subsubsection.11.23.1.6}{\376\377\0001\0001\000.\0002\0003\000.\0001\000.\0006\000\040\000t\000e\000s\000t\000\137\000w\000r\000i\000t\000e\000\137\000r\000e\000a\000d\000\137\000a\000r\000r\000a\000y\000\050\000\051}{subsection.11.23.1}% 272
\BOOKMARK [3][-]{subsubsection.11.23.1.7}{\376\377\0001\0001\000.\0002\0003\000.\0001\000.\0007\000\040\000t\000e\000s\000t\000\137\000w\000r\000i\000t\000e\000\137\000r\000e\000a\000d\000\137\000m\000a\000t\000r\000i\000x\000\050\000\051}{subsection.11.23.1}% 273
\BOOKMARK [1][-]{section.11.24}{\376\377\0001\0001\000.\0002\0004\000\040\000u\000n\000i\000t\000\137\000t\000e\000s\000t\000/\000t\000e\000s\000t\000\137\000p\000d\000b\000.\000f\0009\0000\000\040\000F\000i\000l\000e\000\040\000R\000e\000f\000e\000r\000e\000n\000c\000e}{chapter.11}% 274
\BOOKMARK [2][-]{subsection.11.24.1}{\376\377\0001\0001\000.\0002\0004\000.\0001\000\040\000F\000u\000n\000c\000t\000i\000o\000n\000/\000S\000u\000b\000r\000o\000u\000t\000i\000n\000e\000\040\000D\000o\000c\000u\000m\000e\000n\000t\000a\000t\000i\000o\000n}{section.11.24}% 275
\BOOKMARK [3][-]{subsubsection.11.24.1.1}{\376\377\0001\0001\000.\0002\0004\000.\0001\000.\0001\000\040\000t\000e\000s\000t\000\137\000a\000t\000o\000m\000\137\000p\000r\000o\000p\000e\000r\000t\000i\000e\000s\000\050\000\051}{subsection.11.24.1}% 276
\BOOKMARK [3][-]{subsubsection.11.24.1.2}{\376\377\0001\0001\000.\0002\0004\000.\0001\000.\0002\000\040\000t\000e\000s\000t\000\137\000c\000h\000a\000i\000n\000\137\000m\000a\000n\000a\000g\000e\000m\000e\000n\000t\000\050\000\051}{subsection.11.24.1}% 277
\BOOKMARK [3][-]{subsubsection.11.24.1.3}{\376\377\0001\0001\000.\0002\0004\000.\0001\000.\0003\000\040\000t\000e\000s\000t\000\137\000m\000o\000d\000\137\000p\000d\000b\000\137\000r\000o\000u\000t\000i\000n\000e\000s\000\050\000\051}{subsection.11.24.1}% 278
\BOOKMARK [3][-]{subsubsection.11.24.1.4}{\376\377\0001\0001\000.\0002\0004\000.\0001\000.\0004\000\040\000t\000e\000s\000t\000\137\000p\000d\000b\000\050\000\051}{subsection.11.24.1}% 279
\BOOKMARK [3][-]{subsubsection.11.24.1.5}{\376\377\0001\0001\000.\0002\0004\000.\0001\000.\0005\000\040\000t\000e\000s\000t\000\137\000p\000d\000b\000\137\000a\000l\000l\000o\000c\000a\000t\000i\000o\000n\000\050\000\051}{subsection.11.24.1}% 280
\BOOKMARK [3][-]{subsubsection.11.24.1.6}{\376\377\0001\0001\000.\0002\0004\000.\0001\000.\0006\000\040\000t\000e\000s\000t\000\137\000r\000e\000s\000i\000d\000u\000e\000\137\000m\000a\000n\000a\000g\000e\000m\000e\000n\000t\000\050\000\051}{subsection.11.24.1}% 281
\BOOKMARK [1][-]{section.11.25}{\376\377\0001\0001\000.\0002\0005\000\040\000u\000n\000i\000t\000\137\000t\000e\000s\000t\000/\000t\000e\000s\000t\000\137\000r\000e\000a\000d\000\137\000i\000n\000p\000u\000t\000.\000f\0009\0000\000\040\000F\000i\000l\000e\000\040\000R\000e\000f\000e\000r\000e\000n\000c\000e}{chapter.11}% 282
\BOOKMARK [2][-]{subsection.11.25.1}{\376\377\0001\0001\000.\0002\0005\000.\0001\000\040\000F\000u\000n\000c\000t\000i\000o\000n\000/\000S\000u\000b\000r\000o\000u\000t\000i\000n\000e\000\040\000D\000o\000c\000u\000m\000e\000n\000t\000a\000t\000i\000o\000n}{section.11.25}% 283
\BOOKMARK [3][-]{subsubsection.11.25.1.1}{\376\377\0001\0001\000.\0002\0005\000.\0001\000.\0001\000\040\000t\000e\000s\000t\000\137\000e\000r\000r\000o\000r\000\137\000h\000a\000n\000d\000l\000i\000n\000g\000\050\000\051}{subsection.11.25.1}% 284
\BOOKMARK [3][-]{subsubsection.11.25.1.2}{\376\377\0001\0001\000.\0002\0005\000.\0001\000.\0002\000\040\000t\000e\000s\000t\000\137\000r\000e\000a\000d\000\137\000i\000n\000p\000u\000t\000\050\000\051}{subsection.11.25.1}% 285
\BOOKMARK [3][-]{subsubsection.11.25.1.3}{\376\377\0001\0001\000.\0002\0005\000.\0001\000.\0003\000\040\000t\000e\000s\000t\000\137\000r\000e\000a\000d\000\137\000i\000n\000p\000u\000t\000\137\000a\000s\000s\000o\000c\000\050\000\051}{subsection.11.25.1}% 286
\BOOKMARK [1][-]{section.11.26}{\376\377\0001\0001\000.\0002\0006\000\040\000u\000n\000i\000t\000\137\000t\000e\000s\000t\000/\000T\000E\000S\000T\000\137\000S\000U\000M\000M\000A\000R\000Y\000.\000m\000d\000\040\000F\000i\000l\000e\000\040\000R\000e\000f\000e\000r\000e\000n\000c\000e}{chapter.11}% 287
\BOOKMARK [1][-]{section.11.27}{\376\377\0001\0001\000.\0002\0007\000\040\000u\000n\000i\000t\000\137\000t\000e\000s\000t\000/\000t\000e\000s\000t\000\137\000t\000h\000r\000e\000s\000h\000o\000l\000d\000.\000f\0009\0000\000\040\000F\000i\000l\000e\000\040\000R\000e\000f\000e\000r\000e\000n\000c\000e}{chapter.11}% 288
\BOOKMARK [2][-]{subsection.11.27.1}{\376\377\0001\0001\000.\0002\0007\000.\0001\000\040\000F\000u\000n\000c\000t\000i\000o\000n\000/\000S\000u\000b\000r\000o\000u\000t\000i\000n\000e\000\040\000D\000o\000c\000u\000m\000e\000n\000t\000a\000t\000i\000o\000n}{section.11.27}% 289
\BOOKMARK [3][-]{subsubsection.11.27.1.1}{\376\377\0001\0001\000.\0002\0007\000.\0001\000.\0001\000\040\000t\000e\000s\000t\000\137\000a\000r\000r\000a\000y\000\137\000a\000n\000g\000l\000e\000\050\000\051}{subsection.11.27.1}% 290
\BOOKMARK [3][-]{subsubsection.11.27.1.2}{\376\377\0001\0001\000.\0002\0007\000.\0001\000.\0002\000\040\000t\000e\000s\000t\000\137\000a\000r\000r\000a\000y\000\137\000a\000t\000o\000m\000s\000\137\000d\000i\000s\000t\000\050\000\051}{subsection.11.27.1}% 291
\BOOKMARK [3][-]{subsubsection.11.27.1.3}{\376\377\0001\0001\000.\0002\0007\000.\0001\000.\0003\000\040\000t\000e\000s\000t\000\137\000a\000r\000r\000a\000y\000\137\000z\000\137\000c\000o\000o\000r\000d\000\050\000\051}{subsection.11.27.1}% 292
\BOOKMARK [3][-]{subsubsection.11.27.1.4}{\376\377\0001\0001\000.\0002\0007\000.\0001\000.\0004\000\040\000t\000e\000s\000t\000\137\000s\000o\000r\000t\000\137\000a\000r\000r\000a\000y\000\050\000\051}{subsection.11.27.1}% 293
\BOOKMARK [3][-]{subsubsection.11.27.1.5}{\376\377\0001\0001\000.\0002\0007\000.\0001\000.\0005\000\040\000t\000e\000s\000t\000\137\000t\000h\000r\000e\000s\000h\000o\000l\000d\000\050\000\051}{subsection.11.27.1}% 294
\BOOKMARK [1][-]{section.11.28}{\376\377\0001\0001\000.\0002\0008\000\040\000u\000n\000i\000t\000\137\000t\000e\000s\000t\000/\000T\000E\000S\000T\000I\000N\000G\000.\000m\000d\000\040\000F\000i\000l\000e\000\040\000R\000e\000f\000e\000r\000e\000n\000c\000e}{chapter.11}% 295
\BOOKMARK [0][-]{section*.52}{\376\377\000I\000n\000d\000e\000x}{}% 296
